Archive member included because of file (symbol)

.\ARM_GCC_493\Debug\VTM16 Current Sensors.a(cyfitter_cfg.o)
                              .\ARM_GCC_493\Debug\Cm3Start.o (cyfitter_cfg)
.\ARM_GCC_493\Debug\VTM16 Current Sensors.a(UART_1.o)
                              .\ARM_GCC_493\Debug\main.o (UART_1_Start)
.\ARM_GCC_493\Debug\VTM16 Current Sensors.a(UART_1_IntClock.o)
                              .\ARM_GCC_493\Debug\VTM16 Current Sensors.a(UART_1.o) (UART_1_IntClock_Start)
.\ARM_GCC_493\Debug\VTM16 Current Sensors.a(CyBootAsmGnu.o)
                              .\ARM_GCC_493\Debug\VTM16 Current Sensors.a(cyfitter_cfg.o) (CyDelayCycles)
.\ARM_GCC_493\Debug\VTM16 Current Sensors.a(CyDmac.o)
                              .\ARM_GCC_493\Debug\Cm3Start.o (CyDmacConfigure)
.\ARM_GCC_493\Debug\VTM16 Current Sensors.a(CyLib.o)
                              .\ARM_GCC_493\Debug\Cm3Start.o (CyResetStatus)
.\ARM_GCC_493\Debug\VTM16 Current Sensors.a(cyPm.o)
                              .\ARM_GCC_493\Debug\VTM16 Current Sensors.a(CyLib.o) (CyPmReadStatus)
.\ARM_GCC_493\Debug\VTM16 Current Sensors.a(ADC_SAR_Seq_1.o)
                              .\ARM_GCC_493\Debug\main.o (ADC_SAR_Seq_1_Start)
.\ARM_GCC_493\Debug\VTM16 Current Sensors.a(ADC_SAR_Seq_1_INT.o)
                              .\ARM_GCC_493\Debug\VTM16 Current Sensors.a(ADC_SAR_Seq_1.o) (ADC_SAR_Seq_1_ISR)
.\ARM_GCC_493\Debug\VTM16 Current Sensors.a(ADC_SAR_Seq_1_SAR.o)
                              .\ARM_GCC_493\Debug\VTM16 Current Sensors.a(ADC_SAR_Seq_1.o) (ADC_SAR_Seq_1_SAR_shift)
.\ARM_GCC_493\Debug\VTM16 Current Sensors.a(ADC_SAR_Seq_1_TempBuf_dma.o)
                              .\ARM_GCC_493\Debug\VTM16 Current Sensors.a(ADC_SAR_Seq_1.o) (ADC_SAR_Seq_1_TempBuf_DmaInitialize)
.\ARM_GCC_493\Debug\VTM16 Current Sensors.a(ADC_SAR_Seq_1_FinalBuf_dma.o)
                              .\ARM_GCC_493\Debug\VTM16 Current Sensors.a(ADC_SAR_Seq_1.o) (ADC_SAR_Seq_1_FinalBuf_DmaInitialize)
.\ARM_GCC_493\Debug\VTM16 Current Sensors.a(ADC_SAR_Seq_1_IRQ.o)
                              .\ARM_GCC_493\Debug\VTM16 Current Sensors.a(ADC_SAR_Seq_1.o) (ADC_SAR_Seq_1_IRQ_SetVector)
.\ARM_GCC_493\Debug\VTM16 Current Sensors.a(EZI2C_1.o)
                              .\ARM_GCC_493\Debug\main.o (EZI2C_1_Start)
.\ARM_GCC_493\Debug\VTM16 Current Sensors.a(EZI2C_1_PM.o)
                              .\ARM_GCC_493\Debug\VTM16 Current Sensors.a(EZI2C_1.o) (EZI2C_1_backup)
.\ARM_GCC_493\Debug\VTM16 Current Sensors.a(EZI2C_1_INT.o)
                              .\ARM_GCC_493\Debug\VTM16 Current Sensors.a(EZI2C_1.o) (EZI2C_1_ISR)
.\ARM_GCC_493\Debug\VTM16 Current Sensors.a(ADC_SAR_Seq_2.o)
                              .\ARM_GCC_493\Debug\main.o (ADC_SAR_Seq_2_Start)
.\ARM_GCC_493\Debug\VTM16 Current Sensors.a(ADC_SAR_Seq_2_INT.o)
                              .\ARM_GCC_493\Debug\VTM16 Current Sensors.a(ADC_SAR_Seq_2.o) (ADC_SAR_Seq_2_ISR)
.\ARM_GCC_493\Debug\VTM16 Current Sensors.a(ADC_SAR_Seq_2_SAR.o)
                              .\ARM_GCC_493\Debug\VTM16 Current Sensors.a(ADC_SAR_Seq_2.o) (ADC_SAR_Seq_2_SAR_shift)
.\ARM_GCC_493\Debug\VTM16 Current Sensors.a(ADC_SAR_Seq_2_TempBuf_dma.o)
                              .\ARM_GCC_493\Debug\VTM16 Current Sensors.a(ADC_SAR_Seq_2.o) (ADC_SAR_Seq_2_TempBuf_DmaInitialize)
.\ARM_GCC_493\Debug\VTM16 Current Sensors.a(ADC_SAR_Seq_2_FinalBuf_dma.o)
                              .\ARM_GCC_493\Debug\VTM16 Current Sensors.a(ADC_SAR_Seq_2.o) (ADC_SAR_Seq_2_FinalBuf_DmaInitialize)
.\ARM_GCC_493\Debug\VTM16 Current Sensors.a(ADC_SAR_Seq_2_IRQ.o)
                              .\ARM_GCC_493\Debug\VTM16 Current Sensors.a(ADC_SAR_Seq_2.o) (ADC_SAR_Seq_2_IRQ_SetVector)
.\ARM_GCC_493\Debug\VTM16 Current Sensors.a(CyFlash.o)
                              .\ARM_GCC_493\Debug\VTM16 Current Sensors.a(cyPm.o) (CyFlash_SetWaitCycles)
.\ARM_GCC_493\Debug\VTM16 Current Sensors.a(CySpc.o)
                              .\ARM_GCC_493\Debug\VTM16 Current Sensors.a(CyFlash.o) (CySpcStart)
c:/program files (x86)/cypress/psoc creator/3.3/psoc creator/import/gnu/arm/4.9.3/bin/../lib/gcc/arm-none-eabi/4.9.3/armv7-m\libgcc.a(_arm_addsubsf3.o)
                              .\ARM_GCC_493\Debug\VTM16 Current Sensors.a(ADC_SAR_Seq_1_SAR.o) (__aeabi_i2f)
c:/program files (x86)/cypress/psoc creator/3.3/psoc creator/import/gnu/arm/4.9.3/bin/../lib/gcc/arm-none-eabi/4.9.3/armv7-m\libgcc.a(_arm_muldivsf3.o)
                              .\ARM_GCC_493\Debug\VTM16 Current Sensors.a(ADC_SAR_Seq_1_SAR.o) (__aeabi_fmul)
c:/program files (x86)/cypress/psoc creator/3.3/psoc creator/import/gnu/arm/4.9.3/bin/../lib/gcc/arm-none-eabi/4.9.3/armv7-m\libgcc.a(_aeabi_ldivmod.o)
                              .\ARM_GCC_493\Debug\VTM16 Current Sensors.a(ADC_SAR_Seq_1_SAR.o) (__aeabi_ldivmod)
c:/program files (x86)/cypress/psoc creator/3.3/psoc creator/import/gnu/arm/4.9.3/bin/../lib/gcc/arm-none-eabi/4.9.3/armv7-m\libgcc.a(bpabi.o)
[...]
Memory Configuration

Name             Origin             Length             Attributes
rom              0x00000000         0x00040000         xr
ram              0x1fff8000         0x00010000         xrw
*default*        0x00000000         0xffffffff

Linker script and memory map

LOAD c:/program files (x86)/cypress/psoc creator/3.3/psoc creator/import/gnu/arm/4.9.3/bin/../lib/gcc/arm-none-eabi/4.9.3/armv7-m/crti.o
LOAD c:/program files (x86)/cypress/psoc creator/3.3/psoc creator/import/gnu/arm/4.9.3/bin/../lib/gcc/arm-none-eabi/4.9.3/armv7-m/crtbegin.o
LOAD c:/program files (x86)/cypress/psoc creator/3.3/psoc creator/import/gnu/arm/4.9.3/bin/../lib/gcc/arm-none-eabi/4.9.3/../../../../arm-none-eabi/lib/armv7-m/crt0.o
START GROUP
LOAD .\ARM_GCC_493\Debug\main.o
LOAD .\ARM_GCC_493\Debug\cymetadata.o
LOAD .\ARM_GCC_493\Debug\Cm3Start.o
LOAD .\ARM_GCC_493\Debug\VTM16 Current Sensors.a
LOAD C:\Program Files (x86)\Cypress\PSoC Creator\3.3\PSoC Creator\psoc\content\cycomponentlibrary\CyComponentLibrary.cylib\CortexM3\ARM_GCC_493\Debug\CyComponentLibrary.a
END GROUP
START GROUP
LOAD c:/program files (x86)/cypress/psoc creator/3.3/psoc creator/import/gnu/arm/4.9.3/bin/../lib/gcc/arm-none-eabi/4.9.3/armv7-m\libgcc.a
LOAD c:/program files (x86)/cypress/psoc creator/3.3/psoc creator/import/gnu/arm/4.9.3/bin/../lib/gcc/arm-none-eabi/4.9.3/../../../../arm-none-eabi/lib/armv7-m\libg_nano.a
LOAD c:/program files (x86)/cypress/psoc creator/3.3/psoc creator/import/gnu/arm/4.9.3/bin/../lib/gcc/arm-none-eabi/4.9.3/../../../../arm-none-eabi/lib/armv7-m\libc_nano.a
END GROUP
START GROUP
LOAD c:/program files (x86)/cypress/psoc creator/3.3/psoc creator/import/gnu/arm/4.9.3/bin/../lib/gcc/arm-none-eabi/4.9.3/armv7-m\libgcc.a
LOAD c:/program files (x86)/cypress/psoc creator/3.3/psoc creator/import/gnu/arm/4.9.3/bin/../lib/gcc/arm-none-eabi/4.9.3/../../../../arm-none-eabi/lib/armv7-m\libc_nano.a
END GROUP
LOAD c:/program files (x86)/cypress/psoc creator/3.3/psoc creator/import/gnu/arm/4.9.3/bin/../lib/gcc/arm-none-eabi/4.9.3/armv7-m/crtend.o
LOAD c:/program files (x86)/cypress/psoc creator/3.3/psoc creator/import/gnu/arm/4.9.3/bin/../lib/gcc/arm-none-eabi/4.9.3/armv7-m/crtn.o
START GROUP
LOAD c:/program files (x86)/cypress/psoc creator/3.3/psoc creator/import/gnu/arm/4.9.3/bin/../lib/gcc/arm-none-eabi/4.9.3/armv7-m\libgcc.a
LOAD c:/program files (x86)/cypress/psoc creator/3.3/psoc creator/import/gnu/arm/4.9.3/bin/../lib/gcc/arm-none-eabi/4.9.3/../../../../arm-none-eabi/lib/armv7-m\libc.a
LOAD c:/program files (x86)/cypress/psoc creator/3.3/psoc creator/import/gnu/arm/4.9.3/bin/../lib/gcc/arm-none-eabi/4.9.3/../../../../arm-none-eabi/lib/armv7-m\libnosys.a
END GROUP
                0x00000000                CY_APPL_ORIGIN = 0x0
                0x00000100                CY_FLASH_ROW_SIZE = 0x100
                0x00000020                CY_ECC_ROW_SIZE = 0x20
                0x00000000                CY_EE_IN_BTLDR = 0x0
                0x00000000                CY_APPL_LOADABLE = 0x0
                0x00000800                CY_EE_SIZE = 0x800
                0x00000001                CY_APPL_NUM = 0x1
                0x00000001                CY_APPL_MAX = 0x1
                0x00000040                CY_METADATA_SIZE = 0x40
                0x00000000                CY_APPL_LOADABLE = 0x0
                0x00000000                CY_CHECKSUM_EXCLUDE_SIZE = ALIGN (0x0, CY_FLASH_ROW_SIZE)
                0x1fff81b8                PROVIDE (__cy_heap_start, _end)
                0x00000001                PROVIDE (__cy_region_num, ((__cy_regions_end - __cy_regions) / 0x10))
                0x20008000                PROVIDE (__cy_stack, (ORIGIN (ram) + 0x10000))
                0x20007800                PROVIDE (__cy_heap_end, (__cy_stack - 0x800))

.cybootloader   0x00000000        0x0
 *(.cybootloader)
                0x00000000                appl1_start = CY_APPL_ORIGIN?CY_APPL_ORIGIN:ALIGN (CY_FLASH_ROW_SIZE)
                0x0001ff00                appl2_start = (appl1_start + ALIGN ((((0x40000 - appl1_start) - (0x2 * CY_FLASH_ROW_SIZE)) / 0x2), CY_FLASH_ROW_SIZE))
                0x00000000                appl_start = (CY_APPL_NUM == 0x1)?appl1_start:appl2_start
                0x00000000                ecc_offset = ((appl_start / CY_FLASH_ROW_SIZE) * CY_ECC_ROW_SIZE)
                0x00000000                ee_offset = (CY_APPL_LOADABLE && ! (CY_EE_IN_BTLDR))?((CY_EE_SIZE / CY_APPL_MAX) * (CY_APPL_NUM - 0x1)):0x0
                0x00000800                ee_size = (CY_APPL_LOADABLE && ! (CY_EE_IN_BTLDR))?(CY_EE_SIZE / CY_APPL_MAX):CY_EE_SIZE
                0x00000000                PROVIDE (CY_ECC_OFFSET, ecc_offset)

.text           0x00000000     0x1f66
 CREATE_OBJECT_SYMBOLS
                0x00000000                PROVIDE (__cy_interrupt_vector, RomVectors)
 *(.romvectors)
 .romvectors    0x00000000       0x10 .\ARM_GCC_493\Debug\Cm3Start.o
                0x00000000                RomVectors
                0x00000001                ASSERT ((. != __cy_interrupt_vector), No interrupt vector)
                0x00000001                ASSERT (CY_APPL_ORIGIN?(SIZEOF (.cybootloader) <= CY_APPL_ORIGIN):0x1, Wrong image location)
                0x00000010                PROVIDE (__cy_reset, Reset)
 *(.text.Reset)
 .text.Reset    0x00000010       0x18 .\ARM_GCC_493\Debug\Cm3Start.o
                0x00000010                Reset
                0x00000001                ASSERT ((. != __cy_reset), No reset code)
 *(.dma_init)
                0x00000001                ASSERT ((((appl_start + .) <= 0x10000) || 0x1), DMA Init must be within the first 64k of flash)
 *(.text .text.* .gnu.linkonce.t.*)
 .text          0x00000028       0x5c c:/program files (x86)/cypress/psoc creator/3.3/psoc creator/import/gnu/arm/4.9.3/bin/../lib/gcc/arm-none-eabi/4.9.3/armv7-m/crtbegin.o
 .text.main     0x00000084      0x210 .\ARM_GCC_493\Debug\main.o
                0x00000084                main
 .text.IntDefaultHandler
                0x00000294        0x8 .\ARM_GCC_493\Debug\Cm3Start.o
                0x00000294                IntDefaultHandler
 .text.Start_c  0x0000029c       0x98 .\ARM_GCC_493\Debug\Cm3Start.o
                0x0000029c                Start_c
 .text.initialize_psoc
                0x00000334       0x90 .\ARM_GCC_493\Debug\Cm3Start.o
                0x00000334                initialize_psoc
 .text.CYMEMZERO
                0x000003c4       0x1c .\ARM_GCC_493\Debug\VTM16 Current Sensors.a(cyfitter_cfg.o)
 .text.CYCONFIGCPY
                0x000003e0       0x1c .\ARM_GCC_493\Debug\VTM16 Current Sensors.a(cyfitter_cfg.o)
 .text.CyClockStartupError
                0x000003fc        0xc .\ARM_GCC_493\Debug\VTM16 Current Sensors.a(cyfitter_cfg.o)
 .text.cfg_write_bytes32
                0x00000408       0x74 .\ARM_GCC_493\Debug\VTM16 Current Sensors.a(cyfitter_cfg.o)
 .text.ClockSetup
                0x0000047c      0x128 .\ARM_GCC_493\Debug\VTM16 Current Sensors.a(cyfitter_cfg.o)
 .text.AnalogSetDefault
                0x000005a4       0xe0 .\ARM_GCC_493\Debug\VTM16 Current Sensors.a(cyfitter_cfg.o)
 .text.cyfitter_cfg
                0x00000684      0x1d0 .\ARM_GCC_493\Debug\VTM16 Current Sensors.a(cyfitter_cfg.o)
                0x00000684                cyfitter_cfg
 .text.UART_1_Start
                0x00000854       0x20 .\ARM_GCC_493\Debug\VTM16 Current Sensors.a(UART_1.o)
                0x00000854                UART_1_Start
 .text.UART_1_Init
                0x00000874       0x40 .\ARM_GCC_493\Debug\VTM16 Current Sensors.a(UART_1.o)
                0x00000874                UART_1_Init
 .text.UART_1_Enable
                0x000008b4       0x5c .\ARM_GCC_493\Debug\VTM16 Current Sensors.a(UART_1.o)
                0x000008b4                UART_1_Enable
 .text.UART_1_GetChar
                0x00000910       0x44 .\ARM_GCC_493\Debug\VTM16 Current Sensors.a(UART_1.o)
                0x00000910                UART_1_GetChar
 .text.UART_1_PutChar
                0x00000954       0x34 .\ARM_GCC_493\Debug\VTM16 Current Sensors.a(UART_1.o)
                0x00000954                UART_1_PutChar
 .text.UART_1_PutString
                0x00000988       0x40 .\ARM_GCC_493\Debug\VTM16 Current Sensors.a(UART_1.o)
                0x00000988                UART_1_PutString
 .text.UART_1_IntClock_Start
                0x000009c8       0x34 .\ARM_GCC_493\Debug\VTM16 Current Sensors.a(UART_1_IntClock.o)
                0x000009c8                UART_1_IntClock_Start
 *fill*         0x000009fc        0x4 
 .text          0x00000a00       0x20 .\ARM_GCC_493\Debug\VTM16 Current Sensors.a(CyBootAsmGnu.o)
                0x00000a00                CyDelayCycles
                0x00000a10                CyEnterCriticalSection
                0x00000a18                CyExitCriticalSection
 .text.CyDmacConfigure
                0x00000a20       0x5c .\ARM_GCC_493\Debug\VTM16 Current Sensors.a(CyDmac.o)
                0x00000a20                CyDmacConfigure
 .text.CyDmaChEnable
                0x00000a7c       0x8c .\ARM_GCC_493\Debug\VTM16 Current Sensors.a(CyDmac.o)
                0x00000a7c                CyDmaChEnable
 .text.CyDmaClearPendingDrq
                0x00000b08       0x64 .\ARM_GCC_493\Debug\VTM16 Current Sensors.a(CyDmac.o)
                0x00000b08                CyDmaClearPendingDrq
 .text.CyDmaChPriority
                0x00000b6c       0x60 .\ARM_GCC_493\Debug\VTM16 Current Sensors.a(CyDmac.o)
                0x00000b6c                CyDmaChPriority
 .text.CyDmaChSetExtendedAddress
                0x00000bcc       0x7c .\ARM_GCC_493\Debug\VTM16 Current Sensors.a(CyDmac.o)
                0x00000bcc                CyDmaChSetExtendedAddress
 .text.CyDmaChSetInitialTd
                0x00000c48       0x3c .\ARM_GCC_493\Debug\VTM16 Current Sensors.a(CyDmac.o)
                0x00000c48                CyDmaChSetInitialTd
 .text.CyDmaChSetConfiguration
                0x00000c84       0xa0 .\ARM_GCC_493\Debug\VTM16 Current Sensors.a(CyDmac.o)
                0x00000c84                CyDmaChSetConfiguration
 .text.CyDmaTdAllocate
                0x00000d24       0x5c .\ARM_GCC_493\Debug\VTM16 Current Sensors.a(CyDmac.o)
                0x00000d24                CyDmaTdAllocate
 .text.CyDmaTdSetConfiguration
                0x00000d80       0x80 .\ARM_GCC_493\Debug\VTM16 Current Sensors.a(CyDmac.o)
                0x00000d80                CyDmaTdSetConfiguration
 .text.CyDmaTdSetAddress
                0x00000e00       0x5c .\ARM_GCC_493\Debug\VTM16 Current Sensors.a(CyDmac.o)
                0x00000e00                CyDmaTdSetAddress
 .text.CyHalt   0x00000e5c       0x18 .\ARM_GCC_493\Debug\VTM16 Current Sensors.a(CyLib.o)
                0x00000e5c                CyHalt
 .text.CyDelayUs
                0x00000e74       0x24 .\ARM_GCC_493\Debug\VTM16 Current Sensors.a(CyLib.o)
                0x00000e74                CyDelayUs
 .text.CyIntSetVector
                0x00000e98       0x50 .\ARM_GCC_493\Debug\VTM16 Current Sensors.a(CyLib.o)
                0x00000e98                CyIntSetVector
 .text.CyIntSetPriority
                0x00000ee8       0x44 .\ARM_GCC_493\Debug\VTM16 Current Sensors.a(CyLib.o)
                0x00000ee8                CyIntSetPriority
 .text.ADC_SAR_Seq_1_Init
                0x00000f2c       0x50 .\ARM_GCC_493\Debug\VTM16 Current Sensors.a(ADC_SAR_Seq_1.o)
                0x00000f2c                ADC_SAR_Seq_1_Init
 .text.ADC_SAR_Seq_1_Enable
                0x00000f7c      0x13c .\ARM_GCC_493\Debug\VTM16 Current Sensors.a(ADC_SAR_Seq_1.o)
                0x00000f7c                ADC_SAR_Seq_1_Enable
 .text.ADC_SAR_Seq_1_Start
                0x000010b8       0x2c .\ARM_GCC_493\Debug\VTM16 Current Sensors.a(ADC_SAR_Seq_1.o)
                0x000010b8                ADC_SAR_Seq_1_Start
 .text.ADC_SAR_Seq_1_StartConvert
                0x000010e4        0xc .\ARM_GCC_493\Debug\VTM16 Current Sensors.a(ADC_SAR_Seq_1.o)
                0x000010e4                ADC_SAR_Seq_1_StartConvert
 .text.ADC_SAR_Seq_1_IsEndConversion
                0x000010f0       0x30 .\ARM_GCC_493\Debug\VTM16 Current Sensors.a(ADC_SAR_Seq_1.o)
                0x000010f0                ADC_SAR_Seq_1_IsEndConversion
 .text.ADC_SAR_Seq_1_GetResult16
                0x00001120       0x3c .\ARM_GCC_493\Debug\VTM16 Current Sensors.a(ADC_SAR_Seq_1.o)
                0x00001120                ADC_SAR_Seq_1_GetResult16
 .text.ADC_SAR_Seq_1_CountsTo_mVolts
                0x0000115c       0x20 .\ARM_GCC_493\Debug\VTM16 Current Sensors.a(ADC_SAR_Seq_1.o)
                0x0000115c                ADC_SAR_Seq_1_CountsTo_mVolts
 .text.ADC_SAR_Seq_1_ISR
                0x0000117c        0xc .\ARM_GCC_493\Debug\VTM16 Current Sensors.a(ADC_SAR_Seq_1_INT.o)
                0x0000117c                ADC_SAR_Seq_1_ISR
 .text.ADC_SAR_Seq_1_SAR_Start
                0x00001188       0x20 .\ARM_GCC_493\Debug\VTM16 Current Sensors.a(ADC_SAR_Seq_1_SAR.o)
                0x00001188                ADC_SAR_Seq_1_SAR_Start
 .text.ADC_SAR_Seq_1_SAR_Init
                0x000011a8       0x2c .\ARM_GCC_493\Debug\VTM16 Current Sensors.a(ADC_SAR_Seq_1_SAR.o)
                0x000011a8                ADC_SAR_Seq_1_SAR_Init
 .text.ADC_SAR_Seq_1_SAR_Enable
                0x000011d4       0xc0 .\ARM_GCC_493\Debug\VTM16 Current Sensors.a(ADC_SAR_Seq_1_SAR.o)
                0x000011d4                ADC_SAR_Seq_1_SAR_Enable
 .text.ADC_SAR_Seq_1_SAR_SetResolution
                0x00001294       0x50 .\ARM_GCC_493\Debug\VTM16 Current Sensors.a(ADC_SAR_Seq_1_SAR.o)
                0x00001294                ADC_SAR_Seq_1_SAR_SetResolution
 .text.ADC_SAR_Seq_1_SAR_StartConvert
                0x000012e4       0x20 .\ARM_GCC_493\Debug\VTM16 Current Sensors.a(ADC_SAR_Seq_1_SAR.o)
                0x000012e4                ADC_SAR_Seq_1_SAR_StartConvert
 .text.ADC_SAR_Seq_1_SAR_CalcGain
                0x00001304       0x80 .\ARM_GCC_493\Debug\VTM16 Current Sensors.a(ADC_SAR_Seq_1_SAR.o)
 .text.ADC_SAR_Seq_1_SAR_CountsTo_mVolts
                0x00001384       0x8c .\ARM_GCC_493\Debug\VTM16 Current Sensors.a(ADC_SAR_Seq_1_SAR.o)
                0x00001384                ADC_SAR_Seq_1_SAR_CountsTo_mVolts
 .text.ADC_SAR_Seq_1_TempBuf_DmaInitialize
                0x00001410       0x68 .\ARM_GCC_493\Debug\VTM16 Current Sensors.a(ADC_SAR_Seq_1_TempBuf_dma.o)
                0x00001410                ADC_SAR_Seq_1_TempBuf_DmaInitialize
 .text.ADC_SAR_Seq_1_FinalBuf_DmaInitialize
                0x00001478       0x68 .\ARM_GCC_493\Debug\VTM16 Current Sensors.a(ADC_SAR_Seq_1_FinalBuf_dma.o)
                0x00001478                ADC_SAR_Seq_1_FinalBuf_DmaInitialize
 .text.ADC_SAR_Seq_1_IRQ_SetVector
                0x000014e0       0x24 .\ARM_GCC_493\Debug\VTM16 Current Sensors.a(ADC_SAR_Seq_1_IRQ.o)
                0x000014e0                ADC_SAR_Seq_1_IRQ_SetVector
 .text.ADC_SAR_Seq_1_IRQ_SetPriority
                0x00001504       0x24 .\ARM_GCC_493\Debug\VTM16 Current Sensors.a(ADC_SAR_Seq_1_IRQ.o)
                0x00001504                ADC_SAR_Seq_1_IRQ_SetPriority
 .text.EZI2C_1_Init
                0x00001528       0x8c .\ARM_GCC_493\Debug\VTM16 Current Sensors.a(EZI2C_1.o)
                0x00001528                EZI2C_1_Init
 .text.EZI2C_1_Enable
                0x000015b4       0x50 .\ARM_GCC_493\Debug\VTM16 Current Sensors.a(EZI2C_1.o)
                0x000015b4                EZI2C_1_Enable
 .text.EZI2C_1_Start
                0x00001604       0x20 .\ARM_GCC_493\Debug\VTM16 Current Sensors.a(EZI2C_1.o)
                0x00001604                EZI2C_1_Start
 .text.EZI2C_1_GetActivity
                0x00001624       0x48 .\ARM_GCC_493\Debug\VTM16 Current Sensors.a(EZI2C_1.o)
                0x00001624                EZI2C_1_GetActivity
 .text.EZI2C_1_SetBuffer1
                0x0000166c       0x6c .\ARM_GCC_493\Debug\VTM16 Current Sensors.a(EZI2C_1.o)
                0x0000166c                EZI2C_1_SetBuffer1
 .text.EZI2C_1_ISR
                0x000016d8      0x250 .\ARM_GCC_493\Debug\VTM16 Current Sensors.a(EZI2C_1_INT.o)
                0x000016d8                EZI2C_1_ISR
 .text.ADC_SAR_Seq_2_Init
                0x00001928       0x50 .\ARM_GCC_493\Debug\VTM16 Current Sensors.a(ADC_SAR_Seq_2.o)
                0x00001928                ADC_SAR_Seq_2_Init
 .text.ADC_SAR_Seq_2_Enable
                0x00001978      0x13c .\ARM_GCC_493\Debug\VTM16 Current Sensors.a(ADC_SAR_Seq_2.o)
                0x00001978                ADC_SAR_Seq_2_Enable
 .text.ADC_SAR_Seq_2_Start
                0x00001ab4       0x2c .\ARM_GCC_493\Debug\VTM16 Current Sensors.a(ADC_SAR_Seq_2.o)
                0x00001ab4                ADC_SAR_Seq_2_Start
 .text.ADC_SAR_Seq_2_StartConvert
                0x00001ae0        0xc .\ARM_GCC_493\Debug\VTM16 Current Sensors.a(ADC_SAR_Seq_2.o)
                0x00001ae0                ADC_SAR_Seq_2_StartConvert
 .text.ADC_SAR_Seq_2_GetResult16
                0x00001aec       0x3c .\ARM_GCC_493\Debug\VTM16 Current Sensors.a(ADC_SAR_Seq_2.o)
                0x00001aec                ADC_SAR_Seq_2_GetResult16
 .text.ADC_SAR_Seq_2_CountsTo_mVolts
                0x00001b28       0x20 .\ARM_GCC_493\Debug\VTM16 Current Sensors.a(ADC_SAR_Seq_2.o)
                0x00001b28                ADC_SAR_Seq_2_CountsTo_mVolts
 .text.ADC_SAR_Seq_2_ISR
                0x00001b48        0xc .\ARM_GCC_493\Debug\VTM16 Current Sensors.a(ADC_SAR_Seq_2_INT.o)
                0x00001b48                ADC_SAR_Seq_2_ISR
 .text.ADC_SAR_Seq_2_SAR_Start
                0x00001b54       0x20 .\ARM_GCC_493\Debug\VTM16 Current Sensors.a(ADC_SAR_Seq_2_SAR.o)
                0x00001b54                ADC_SAR_Seq_2_SAR_Start
 .text.ADC_SAR_Seq_2_SAR_Init
                0x00001b74       0x2c .\ARM_GCC_493\Debug\VTM16 Current Sensors.a(ADC_SAR_Seq_2_SAR.o)
                0x00001b74                ADC_SAR_Seq_2_SAR_Init
 .text.ADC_SAR_Seq_2_SAR_Enable
                0x00001ba0       0xc0 .\ARM_GCC_493\Debug\VTM16 Current Sensors.a(ADC_SAR_Seq_2_SAR.o)
                0x00001ba0                ADC_SAR_Seq_2_SAR_Enable
 .text.ADC_SAR_Seq_2_SAR_SetResolution
                0x00001c60       0x50 .\ARM_GCC_493\Debug\VTM16 Current Sensors.a(ADC_SAR_Seq_2_SAR.o)
                0x00001c60                ADC_SAR_Seq_2_SAR_SetResolution
 .text.ADC_SAR_Seq_2_SAR_StartConvert
                0x00001cb0       0x20 .\ARM_GCC_493\Debug\VTM16 Current Sensors.a(ADC_SAR_Seq_2_SAR.o)
                0x00001cb0                ADC_SAR_Seq_2_SAR_StartConvert
 .text.ADC_SAR_Seq_2_SAR_CalcGain
                0x00001cd0       0x80 .\ARM_GCC_493\Debug\VTM16 Current Sensors.a(ADC_SAR_Seq_2_SAR.o)
 .text.ADC_SAR_Seq_2_SAR_CountsTo_mVolts
                0x00001d50       0x8c .\ARM_GCC_493\Debug\VTM16 Current Sensors.a(ADC_SAR_Seq_2_SAR.o)
                0x00001d50                ADC_SAR_Seq_2_SAR_CountsTo_mVolts
 .text.ADC_SAR_Seq_2_TempBuf_DmaInitialize
                0x00001ddc       0x68 .\ARM_GCC_493\Debug\VTM16 Current Sensors.a(ADC_SAR_Seq_2_TempBuf_dma.o)
                0x00001ddc                ADC_SAR_Seq_2_TempBuf_DmaInitialize
 .text.ADC_SAR_Seq_2_FinalBuf_DmaInitialize
                0x00001e44       0x68 .\ARM_GCC_493\Debug\VTM16 Current Sensors.a(ADC_SAR_Seq_2_FinalBuf_dma.o)
                0x00001e44                ADC_SAR_Seq_2_FinalBuf_DmaInitialize
 .text.ADC_SAR_Seq_2_IRQ_SetVector
                0x00001eac       0x24 .\ARM_GCC_493\Debug\VTM16 Current Sensors.a(ADC_SAR_Seq_2_IRQ.o)
                0x00001eac                ADC_SAR_Seq_2_IRQ_SetVector
 .text.ADC_SAR_Seq_2_IRQ_SetPriority
                0x00001ed0       0x24 .\ARM_GCC_493\Debug\VTM16 Current Sensors.a(ADC_SAR_Seq_2_IRQ.o)
                0x00001ed0                ADC_SAR_Seq_2_IRQ_SetPriority
 .text.__libc_init_array
                0x00001ef4       0x4c c:/program files (x86)/cypress/psoc creator/3.3/psoc creator/import/gnu/arm/4.9.3/bin/../lib/gcc/arm-none-eabi/4.9.3/../../../../arm-none-eabi/lib/armv7-m\libg_nano.a(lib_a-init.o)
                0x00001ef4                __libc_init_array
 .text.memcpy   0x00001f40       0x16 c:/program files (x86)/cypress/psoc creator/3.3/psoc creator/import/gnu/arm/4.9.3/bin/../lib/gcc/arm-none-eabi/4.9.3/../../../../arm-none-eabi/lib/armv7-m\libg_nano.a(lib_a-memcpy.o)
                0x00001f40                memcpy
 .text.memset   0x00001f56       0x10 c:/program files (x86)/cypress/psoc creator/3.3/psoc creator/import/gnu/arm/4.9.3/bin/../lib/gcc/arm-none-eabi/4.9.3/../../../../arm-none-eabi/lib/armv7-m\libg_nano.a(lib_a-memset.o)
                0x00001f56                memset
 *(.plt)
 *(.gnu.warning)
 *(.glue_7t)
 .glue_7t       0x00000000        0x0 linker stubs
 *(.glue_7)
 .glue_7        0x00000000        0x0 linker stubs
 *(.vfp11_veneer)
 .vfp11_veneer  0x00000000        0x0 linker stubs
 *(.bootloader)
 *(.ARM.extab* .gnu.linkonce.armextab.*)
 *(.gcc_except_table)

.v4_bx          0x00001f68        0x0
 .v4_bx         0x00000000        0x0 linker stubs

.iplt           0x00001f68        0x0
 .iplt          0x00000000        0x0 c:/program files (x86)/cypress/psoc creator/3.3/psoc creator/import/gnu/arm/4.9.3/bin/../lib/gcc/arm-none-eabi/4.9.3/armv7-m/crtbegin.o

.eh_frame_hdr
 *(.eh_frame_hdr)

.eh_frame       0x00001f68        0x4
 *(.eh_frame)
 .eh_frame      0x00001f68        0x0 c:/program files (x86)/cypress/psoc creator/3.3/psoc creator/import/gnu/arm/4.9.3/bin/../lib/gcc/arm-none-eabi/4.9.3/armv7-m/crtbegin.o
 .eh_frame      0x00001f68        0x4 c:/program files (x86)/cypress/psoc creator/3.3/psoc creator/import/gnu/arm/4.9.3/bin/../lib/gcc/arm-none-eabi/4.9.3/armv7-m/crtend.o
                0x00001f6c                PROVIDE (__exidx_start, .)

.ARM.exidx
 *(.ARM.exidx* .gnu.linkonce.armexidx.*)
                0x00001f6c                __exidx_end = .

.rodata         0x00001f6c       0x94
 *(.rodata .rodata.* .gnu.linkonce.r.*)
 .rodata        0x00001f6c       0x10 .\ARM_GCC_493\Debug\main.o
 .rodata        0x00001f7c       0x4c .\ARM_GCC_493\Debug\VTM16 Current Sensors.a(cyfitter_cfg.o)
                0x00001fc8                . = ALIGN (0x4)
 *(.init)
 .init          0x00001fc8        0x4 c:/program files (x86)/cypress/psoc creator/3.3/psoc creator/import/gnu/arm/4.9.3/bin/../lib/gcc/arm-none-eabi/4.9.3/armv7-m/crti.o
                0x00001fc8                _init
 .init          0x00001fcc        0x8 c:/program files (x86)/cypress/psoc creator/3.3/psoc creator/import/gnu/arm/4.9.3/bin/../lib/gcc/arm-none-eabi/4.9.3/armv7-m/crtn.o
                0x00001fd4                . = ALIGN (0x4)
                0x00001fd4                __preinit_array_start = .
 *(.preinit_array)
                0x00001fd4                __preinit_array_end = .
                0x00001fd4                . = ALIGN (0x4)
                0x00001fd4                __init_array_start = .
 *(SORT(.init_array.*))
 *(.init_array)
 .init_array    0x00001fd4        0x4 c:/program files (x86)/cypress/psoc creator/3.3/psoc creator/import/gnu/arm/4.9.3/bin/../lib/gcc/arm-none-eabi/4.9.3/armv7-m/crtbegin.o
 .init_array    0x00001fd8        0x4 .\ARM_GCC_493\Debug\Cm3Start.o
                0x00001fdc                __init_array_end = .
                0x00001fdc                . = ALIGN (0x4)
 *(.fini)
 .fini          0x00001fdc        0x4 c:/program files (x86)/cypress/psoc creator/3.3/psoc creator/import/gnu/arm/4.9.3/bin/../lib/gcc/arm-none-eabi/4.9.3/armv7-m/crti.o
                0x00001fdc                _fini
 .fini          0x00001fe0        0x8 c:/program files (x86)/cypress/psoc creator/3.3/psoc creator/import/gnu/arm/4.9.3/bin/../lib/gcc/arm-none-eabi/4.9.3/armv7-m/crtn.o
                0x00001fe8                . = ALIGN (0x4)
                0x00001fe8                __fini_array_start = .
 *(.fini_array)
 .fini_array    0x00001fe8        0x4 c:/program files (x86)/cypress/psoc creator/3.3/psoc creator/import/gnu/arm/4.9.3/bin/../lib/gcc/arm-none-eabi/4.9.3/armv7-m/crtbegin.o
 *(SORT(.fini_array.*))
                0x00001fec                __fini_array_end = .
                0x00001fec                . = ALIGN (0x4)
 *crtbegin.o(.ctors)
 *(EXCLUDE_FILE(*crtend.o) .ctors)
 *(SORT(.ctors.*))
 *crtend.o(.ctors)
                0x00001fec                . = ALIGN (0x4)
 *crtbegin.o(.dtors)
 *(EXCLUDE_FILE(*crtend.o) .dtors)
 *(SORT(.dtors.*))
 *crtend.o(.dtors)
                0x00001fec                . = ALIGN (0x4)
                0x00001fec                __cy_regions = .
                0x00001fec        0x4 LONG 0x2000 __cy_region_init_ram
                0x00001ff0        0x4 LONG 0x1fff8108 __cy_region_start_data
                0x00001ff4        0x4 LONG 0x28 __cy_region_init_size_ram
                0x00001ff8        0x4 LONG 0x88 __cy_region_zero_size_ram
                0x00001ffc                __cy_regions_end = .
                0x00002000                . = ALIGN (0x8)
 *fill*         0x00001ffc        0x4 
                0x00002000                _etext = .

.cy_checksum_exclude
                0x00002000        0x0
 *(.cy_checksum_exclude)

.ramvectors     0x1fff8000      0x100
                0x1fff8000                __cy_region_start_ram = .
 *(.ramvectors)
 .ramvectors    0x1fff8000      0x100 .\ARM_GCC_493\Debug\Cm3Start.o
                0x1fff8000                CyRamVectors

.noinit         0x1fff8100        0x5
 *(.noinit)
 .noinit        0x1fff8100        0x4 .\ARM_GCC_493\Debug\Cm3Start.o
 .noinit        0x1fff8104        0x1 .\ARM_GCC_493\Debug\VTM16 Current Sensors.a(CyLib.o)
                0x1fff8104                CyResetStatus

.data           0x1fff8108       0x28 load address 0x00002000
                0x1fff8108                __cy_region_start_data = .
 *(.jcr)
 .jcr           0x1fff8108        0x0 c:/program files (x86)/cypress/psoc creator/3.3/psoc creator/import/gnu/arm/4.9.3/bin/../lib/gcc/arm-none-eabi/4.9.3/armv7-m/crtbegin.o
 .jcr           0x1fff8108        0x4 c:/program files (x86)/cypress/psoc creator/3.3/psoc creator/import/gnu/arm/4.9.3/bin/../lib/gcc/arm-none-eabi/4.9.3/armv7-m/crtend.o
 *(.got.plt)
 *(.got)
 *(.shdata)
 *(.data .data.* .gnu.linkonce.d.*)
 .data          0x1fff810c        0x8 .\ARM_GCC_493\Debug\VTM16 Current Sensors.a(CyDmac.o)
 .data          0x1fff8114       0x10 .\ARM_GCC_493\Debug\VTM16 Current Sensors.a(CyLib.o)
                0x1fff8114                cydelay_freq_hz
                0x1fff8118                cydelay_freq_khz
                0x1fff811c                cydelay_freq_mhz
                0x1fff8120                cydelay_32k_ms
 .data          0x1fff8124        0x2 .\ARM_GCC_493\Debug\VTM16 Current Sensors.a(ADC_SAR_Seq_1.o)
 .data          0x1fff8126        0x1 .\ARM_GCC_493\Debug\VTM16 Current Sensors.a(ADC_SAR_Seq_1_TempBuf_dma.o)
                0x1fff8126                ADC_SAR_Seq_1_TempBuf_DmaHandle
 .data          0x1fff8127        0x1 .\ARM_GCC_493\Debug\VTM16 Current Sensors.a(ADC_SAR_Seq_1_FinalBuf_dma.o)
                0x1fff8127                ADC_SAR_Seq_1_FinalBuf_DmaHandle
 .data          0x1fff8128        0x2 .\ARM_GCC_493\Debug\VTM16 Current Sensors.a(ADC_SAR_Seq_2.o)
 .data          0x1fff812a        0x1 .\ARM_GCC_493\Debug\VTM16 Current Sensors.a(ADC_SAR_Seq_2_TempBuf_dma.o)
                0x1fff812a                ADC_SAR_Seq_2_TempBuf_DmaHandle
 .data          0x1fff812b        0x1 .\ARM_GCC_493\Debug\VTM16 Current Sensors.a(ADC_SAR_Seq_2_FinalBuf_dma.o)
                0x1fff812b                ADC_SAR_Seq_2_FinalBuf_DmaHandle
                0x1fff8130                . = ALIGN (0x8)
 *fill*         0x1fff812c        0x4 
 *(.ram)
                0x1fff8130                _edata = .

.igot.plt       0x1fff8130        0x0 load address 0x00002028
 .igot.plt      0x00000000        0x0 c:/program files (x86)/cypress/psoc creator/3.3/psoc creator/import/gnu/arm/4.9.3/bin/../lib/gcc/arm-none-eabi/4.9.3/armv7-m/crtbegin.o

.bss            0x1fff8130       0x88 load address 0x00002028
                0x1fff8130                PROVIDE (__bss_start__, .)
 *(.shbss)
 *(.bss .bss.* .gnu.linkonce.b.*)
 .bss           0x1fff8130       0x1c c:/program files (x86)/cypress/psoc creator/3.3/psoc creator/import/gnu/arm/4.9.3/bin/../lib/gcc/arm-none-eabi/4.9.3/armv7-m/crtbegin.o
 .bss           0x1fff814c        0x2 .\ARM_GCC_493\Debug\VTM16 Current Sensors.a(UART_1.o)
                0x1fff814c                UART_1_initVar
 *fill*         0x1fff814e        0x2 
 .bss           0x1fff8150       0x14 .\ARM_GCC_493\Debug\VTM16 Current Sensors.a(ADC_SAR_Seq_1.o)
                0x1fff8150                ADC_SAR_Seq_1_initVar
 .bss           0x1fff8164        0x1 .\ARM_GCC_493\Debug\VTM16 Current Sensors.a(ADC_SAR_Seq_1_SAR.o)
                0x1fff8164                ADC_SAR_Seq_1_SAR_initVar
 .bss           0x1fff8165        0x1 .\ARM_GCC_493\Debug\VTM16 Current Sensors.a(EZI2C_1.o)
                0x1fff8165                EZI2C_1_initVar
 .bss           0x1fff8166        0x2 .\ARM_GCC_493\Debug\VTM16 Current Sensors.a(EZI2C_1_INT.o)
 .bss           0x1fff8168       0x10 .\ARM_GCC_493\Debug\VTM16 Current Sensors.a(ADC_SAR_Seq_2.o)
                0x1fff8168                ADC_SAR_Seq_2_initVar
 .bss           0x1fff8178        0x1 .\ARM_GCC_493\Debug\VTM16 Current Sensors.a(ADC_SAR_Seq_2_SAR.o)
                0x1fff8178                ADC_SAR_Seq_2_SAR_initVar
 *(COMMON)
 *fill*         0x1fff8179        0x3 
 COMMON         0x1fff817c        0xc .\ARM_GCC_493\Debug\VTM16 Current Sensors.a(ADC_SAR_Seq_1.o)
                0x1fff817c                ADC_SAR_Seq_1_finalArray
 COMMON         0x1fff8188        0xa .\ARM_GCC_493\Debug\VTM16 Current Sensors.a(ADC_SAR_Seq_1_SAR.o)
                0x1fff8188                ADC_SAR_Seq_1_SAR_countsPerVolt
                0x1fff818a                ADC_SAR_Seq_1_SAR_offset
                0x1fff818c                ADC_SAR_Seq_1_SAR_countsPer10Volt
                0x1fff8190                ADC_SAR_Seq_1_SAR_shift
 *fill*         0x1fff8192        0x2 
 COMMON         0x1fff8194        0xd .\ARM_GCC_493\Debug\VTM16 Current Sensors.a(EZI2C_1.o)
                0x1fff8194                EZI2C_1_dataPtrS1
                0x1fff8198                EZI2C_1_curStatus
                0x1fff819a                EZI2C_1_bufSizeS1
                0x1fff819c                EZI2C_1_wrProtectS1
                0x1fff819e                EZI2C_1_curState
                0x1fff819f                EZI2C_1_rwIndexS1
                0x1fff81a0                EZI2C_1_rwOffsetS1
 *fill*         0x1fff81a1        0x3 
 COMMON         0x1fff81a4        0x8 .\ARM_GCC_493\Debug\VTM16 Current Sensors.a(ADC_SAR_Seq_2.o)
                0x1fff81a4                ADC_SAR_Seq_2_finalArray
 COMMON         0x1fff81ac        0xc .\ARM_GCC_493\Debug\VTM16 Current Sensors.a(ADC_SAR_Seq_2_SAR.o)
                0x1fff81ac                ADC_SAR_Seq_2_SAR_shift
                0x1fff81b0                ADC_SAR_Seq_2_SAR_countsPer10Volt
                0x1fff81b4                ADC_SAR_Seq_2_SAR_offset
                0x1fff81b6                ADC_SAR_Seq_2_SAR_countsPerVolt
                0x1fff81b8                . = ALIGN (0x8)
 *(.ram.b)
                0x1fff81b8                _end = .
                0x1fff81b8                __end = .
                0x1fff81b8                PROVIDE (end, .)
                0x1fff81b8                PROVIDE (__bss_end__, .)
                0x00002000                __cy_region_init_ram = LOADADDR (.data)
                0x00000028                __cy_region_init_size_ram = (_edata - ADDR (.data))
                0x00000088                __cy_region_zero_size_ram = (_end - _edata)

.heap           0x1fff81b8       0x80 load address 0x00002028
                0x1fff81b8                . = _end
                0x1fff8238                . = (. + 0x80)
 *fill*         0x1fff81b8       0x80 
                0x1fff8238                __cy_heap_limit = .

.stack          0x20007800      0x800
                0x20007800                __cy_stack_limit = .
                0x20008000                . = (. + 0x800)
 *fill*         0x20007800      0x800 
                0x00000001                ASSERT ((__cy_stack_limit >= __cy_heap_limit), region RAM overflowed with stack)
                0x00000000                cy_checksum_exclude_size = (CY_APPL_LOADABLE == 0x1)?SIZEOF (.cy_checksum_exclude):0x0
                0x00000001                ASSERT ((cy_checksum_exclude_size <= CY_CHECKSUM_EXCLUDE_SIZE), CY_BOOT: Section .cy_checksum_exclude size exceedes specified limit.)

.cyloadermeta
 *(.cyloadermeta)

.cyloadablemeta
 *(.cyloadablemeta)

.cyconfigecc    0x80000000      0xb64
 *(.cyconfigecc)
 .cyconfigecc   0x80000000      0xb64 .\ARM_GCC_493\Debug\cymetadata.o
                0x80000000                cy_meta_configecc

.cycustnvl      0x90000000        0x4
 *(.cycustnvl)
 .cycustnvl     0x90000000        0x4 .\ARM_GCC_493\Debug\cymetadata.o
                0x90000000                cy_meta_custnvl

.cywolatch      0x90100000        0x4
 *(.cywolatch)
 .cywolatch     0x90100000        0x4 .\ARM_GCC_493\Debug\cymetadata.o
                0x90100000                cy_meta_wonvl

.cyeeprom       0x90200000        0x0
 *(.cyeeprom)
                0x00000001                ASSERT ((. <= ((0x90200000 + ee_offset) + ee_size)), .cyeeprom data will not fit in EEPROM)

.cyflashprotect
                0x90400000      0x100
 *(.cyflashprotect)
 .cyflashprotect
                0x90400000      0x100 .\ARM_GCC_493\Debug\cymetadata.o
                0x90400000                cy_meta_flashprotect

.cymeta         0x90500000        0xc
 *(.cymeta)
 .cymeta        0x90500000        0xc .\ARM_GCC_493\Debug\cymetadata.o
                0x90500000                cy_metadata

.rel.dyn        0x00002028        0x0 load address 0x9050000c
 .rel.iplt      0x00000000        0x0 c:/program files (x86)/cypress/psoc creator/3.3/psoc creator/import/gnu/arm/4.9.3/bin/../lib/gcc/arm-none-eabi/4.9.3/armv7-m/crtbegin.o

.stab
 *(.stab)

.stabstr
 *(.stabstr)

.debug
 *(.debug)

.line
 *(.line)

.debug_srcinfo
 *(.debug_srcinfo)

.debug_sfnames
 *(.debug_sfnames)

.debug_aranges  0x00000000      0xc88
 *(.debug_aranges)
 .debug_aranges
                0x00000000       0x20 .\ARM_GCC_493\Debug\main.o
 .debug_aranges
                0x00000020       0x18 .\ARM_GCC_493\Debug\cymetadata.o
 .debug_aranges
                0x00000038       0x48 .\ARM_GCC_493\Debug\Cm3Start.o
 .debug_aranges
                0x00000080       0x60 .\ARM_GCC_493\Debug\VTM16 Current Sensors.a(cyfitter_cfg.o)
 .debug_aranges
                0x000000e0       0xf0 .\ARM_GCC_493\Debug\VTM16 Current Sensors.a(UART_1.o)
 .debug_aranges
                0x000001d0       0x70 .\ARM_GCC_493\Debug\VTM16 Current Sensors.a(UART_1_IntClock.o)
 .debug_aranges
                0x00000240       0x20 .\ARM_GCC_493\Debug\VTM16 Current Sensors.a(CyBootAsmGnu.o)
 .debug_aranges
                0x00000260       0xd8 .\ARM_GCC_493\Debug\VTM16 Current Sensors.a(CyDmac.o)
 .debug_aranges
                0x00000338      0x298 .\ARM_GCC_493\Debug\VTM16 Current Sensors.a(CyLib.o)
 .debug_aranges
                0x000005d0       0x98 .\ARM_GCC_493\Debug\VTM16 Current Sensors.a(cyPm.o)
 .debug_aranges
                0x00000668       0xa0 .\ARM_GCC_493\Debug\VTM16 Current Sensors.a(ADC_SAR_Seq_1.o)
 .debug_aranges
                0x00000708       0x20 .\ARM_GCC_493\Debug\VTM16 Current Sensors.a(ADC_SAR_Seq_1_INT.o)
 .debug_aranges
                0x00000728       0xa8 .\ARM_GCC_493\Debug\VTM16 Current Sensors.a(ADC_SAR_Seq_1_SAR.o)
 .debug_aranges
                0x000007d0       0x28 .\ARM_GCC_493\Debug\VTM16 Current Sensors.a(ADC_SAR_Seq_1_TempBuf_dma.o)
 .debug_aranges
                0x000007f8       0x28 .\ARM_GCC_493\Debug\VTM16 Current Sensors.a(ADC_SAR_Seq_1_FinalBuf_dma.o)
 .debug_aranges
                0x00000820       0x80 .\ARM_GCC_493\Debug\VTM16 Current Sensors.a(ADC_SAR_Seq_1_IRQ.o)
 .debug_aranges
                0x000008a0       0x58 .\ARM_GCC_493\Debug\VTM16 Current Sensors.a(EZI2C_1.o)
 .debug_aranges
                0x000008f8       0x38 .\ARM_GCC_493\Debug\VTM16 Current Sensors.a(EZI2C_1_PM.o)
 .debug_aranges
                0x00000930       0x28 .\ARM_GCC_493\Debug\VTM16 Current Sensors.a(EZI2C_1_INT.o)
 .debug_aranges
                0x00000958       0xa0 .\ARM_GCC_493\Debug\VTM16 Current Sensors.a(ADC_SAR_Seq_2.o)
 .debug_aranges
                0x000009f8       0x20 .\ARM_GCC_493\Debug\VTM16 Current Sensors.a(ADC_SAR_Seq_2_INT.o)
 .debug_aranges
                0x00000a18       0xa8 .\ARM_GCC_493\Debug\VTM16 Current Sensors.a(ADC_SAR_Seq_2_SAR.o)
 .debug_aranges
                0x00000ac0       0x28 .\ARM_GCC_493\Debug\VTM16 Current Sensors.a(ADC_SAR_Seq_2_TempBuf_dma.o)
 .debug_aranges
                0x00000ae8       0x28 .\ARM_GCC_493\Debug\VTM16 Current Sensors.a(ADC_SAR_Seq_2_FinalBuf_dma.o)
 .debug_aranges
                0x00000b10       0x80 .\ARM_GCC_493\Debug\VTM16 Current Sensors.a(ADC_SAR_Seq_2_IRQ.o)
 .debug_aranges
                0x00000b90       0x80 .\ARM_GCC_493\Debug\VTM16 Current Sensors.a(CyFlash.o)
 .debug_aranges
                0x00000c10       0x78 .\ARM_GCC_493\Debug\VTM16 Current Sensors.a(CySpc.o)

.debug_pubnames
 *(.debug_pubnames)

.debug_info     0x00000000     0x5671
 *(.debug_info .gnu.linkonce.wi.*)
 .debug_info    0x00000000      0x1cf .\ARM_GCC_493\Debug\main.o
 .debug_info    0x000001cf      0x13e .\ARM_GCC_493\Debug\cymetadata.o
 .debug_info    0x0000030d      0x317 .\ARM_GCC_493\Debug\Cm3Start.o
 .debug_info    0x00000624      0x466 .\ARM_GCC_493\Debug\VTM16 Current Sensors.a(cyfitter_cfg.o)
 .debug_info    0x00000a8a      0x500 .\ARM_GCC_493\Debug\VTM16 Current Sensors.a(UART_1.o)
 .debug_info    0x00000f8a      0x25b .\ARM_GCC_493\Debug\VTM16 Current Sensors.a(UART_1_IntClock.o)
 .debug_info    0x000011e5       0xc6 .\ARM_GCC_493\Debug\VTM16 Current Sensors.a(CyBootAsmGnu.o)
 .debug_info    0x000012ab      0x8b1 .\ARM_GCC_493\Debug\VTM16 Current Sensors.a(CyDmac.o)
 .debug_info    0x00001b5c      0xe31 .\ARM_GCC_493\Debug\VTM16 Current Sensors.a(CyLib.o)
 .debug_info    0x0000298d      0x55f .\ARM_GCC_493\Debug\VTM16 Current Sensors.a(cyPm.o)
 .debug_info    0x00002eec      0x39e .\ARM_GCC_493\Debug\VTM16 Current Sensors.a(ADC_SAR_Seq_1.o)
 .debug_info    0x0000328a       0x99 .\ARM_GCC_493\Debug\VTM16 Current Sensors.a(ADC_SAR_Seq_1_INT.o)
 .debug_info    0x00003323      0x454 .\ARM_GCC_493\Debug\VTM16 Current Sensors.a(ADC_SAR_Seq_1_SAR.o)
 .debug_info    0x00003777      0x112 .\ARM_GCC_493\Debug\VTM16 Current Sensors.a(ADC_SAR_Seq_1_TempBuf_dma.o)
 .debug_info    0x00003889      0x112 .\ARM_GCC_493\Debug\VTM16 Current Sensors.a(ADC_SAR_Seq_1_FinalBuf_dma.o)
 .debug_info    0x0000399b      0x238 .\ARM_GCC_493\Debug\VTM16 Current Sensors.a(ADC_SAR_Seq_1_IRQ.o)
 .debug_info    0x00003bd3      0x2e7 .\ARM_GCC_493\Debug\VTM16 Current Sensors.a(EZI2C_1.o)
 .debug_info    0x00003eba      0x1b4 .\ARM_GCC_493\Debug\VTM16 Current Sensors.a(EZI2C_1_PM.o)
 .debug_info    0x0000406e      0x15c .\ARM_GCC_493\Debug\VTM16 Current Sensors.a(EZI2C_1_INT.o)
 .debug_info    0x000041ca      0x39e .\ARM_GCC_493\Debug\VTM16 Current Sensors.a(ADC_SAR_Seq_2.o)
 .debug_info    0x00004568       0x99 .\ARM_GCC_493\Debug\VTM16 Current Sensors.a(ADC_SAR_Seq_2_INT.o)
 .debug_info    0x00004601      0x454 .\ARM_GCC_493\Debug\VTM16 Current Sensors.a(ADC_SAR_Seq_2_SAR.o)
 .debug_info    0x00004a55      0x112 .\ARM_GCC_493\Debug\VTM16 Current Sensors.a(ADC_SAR_Seq_2_TempBuf_dma.o)
 .debug_info    0x00004b67      0x112 .\ARM_GCC_493\Debug\VTM16 Current Sensors.a(ADC_SAR_Seq_2_FinalBuf_dma.o)
 .debug_info    0x00004c79      0x238 .\ARM_GCC_493\Debug\VTM16 Current Sensors.a(ADC_SAR_Seq_2_IRQ.o)
 .debug_info    0x00004eb1      0x36a .\ARM_GCC_493\Debug\VTM16 Current Sensors.a(CyFlash.o)
 .debug_info    0x0000521b      0x456 .\ARM_GCC_493\Debug\VTM16 Current Sensors.a(CySpc.o)

.debug_abbrev   0x00000000     0x1d30
 *(.debug_abbrev)
 .debug_abbrev  0x00000000       0x97 .\ARM_GCC_493\Debug\main.o
 .debug_abbrev  0x00000097       0x77 .\ARM_GCC_493\Debug\cymetadata.o
 .debug_abbrev  0x0000010e      0x1b6 .\ARM_GCC_493\Debug\Cm3Start.o
 .debug_abbrev  0x000002c4      0x1b7 .\ARM_GCC_493\Debug\VTM16 Current Sensors.a(cyfitter_cfg.o)
 .debug_abbrev  0x0000047b      0x170 .\ARM_GCC_493\Debug\VTM16 Current Sensors.a(UART_1.o)
 .debug_abbrev  0x000005eb      0x12a .\ARM_GCC_493\Debug\VTM16 Current Sensors.a(UART_1_IntClock.o)
 .debug_abbrev  0x00000715       0x14 .\ARM_GCC_493\Debug\VTM16 Current Sensors.a(CyBootAsmGnu.o)
 .debug_abbrev  0x00000729      0x194 .\ARM_GCC_493\Debug\VTM16 Current Sensors.a(CyDmac.o)
 .debug_abbrev  0x000008bd      0x217 .\ARM_GCC_493\Debug\VTM16 Current Sensors.a(CyLib.o)
 .debug_abbrev  0x00000ad4      0x16e .\ARM_GCC_493\Debug\VTM16 Current Sensors.a(cyPm.o)
 .debug_abbrev  0x00000c42      0x162 .\ARM_GCC_493\Debug\VTM16 Current Sensors.a(ADC_SAR_Seq_1.o)
 .debug_abbrev  0x00000da4       0x42 .\ARM_GCC_493\Debug\VTM16 Current Sensors.a(ADC_SAR_Seq_1_INT.o)
 .debug_abbrev  0x00000de6      0x180 .\ARM_GCC_493\Debug\VTM16 Current Sensors.a(ADC_SAR_Seq_1_SAR.o)
 .debug_abbrev  0x00000f66       0x8b .\ARM_GCC_493\Debug\VTM16 Current Sensors.a(ADC_SAR_Seq_1_TempBuf_dma.o)
 .debug_abbrev  0x00000ff1       0x8b .\ARM_GCC_493\Debug\VTM16 Current Sensors.a(ADC_SAR_Seq_1_FinalBuf_dma.o)
 .debug_abbrev  0x0000107c      0x17f .\ARM_GCC_493\Debug\VTM16 Current Sensors.a(ADC_SAR_Seq_1_IRQ.o)
 .debug_abbrev  0x000011fb      0x150 .\ARM_GCC_493\Debug\VTM16 Current Sensors.a(EZI2C_1.o)
 .debug_abbrev  0x0000134b       0xe0 .\ARM_GCC_493\Debug\VTM16 Current Sensors.a(EZI2C_1_PM.o)
 .debug_abbrev  0x0000142b       0xa6 .\ARM_GCC_493\Debug\VTM16 Current Sensors.a(EZI2C_1_INT.o)
 .debug_abbrev  0x000014d1      0x162 .\ARM_GCC_493\Debug\VTM16 Current Sensors.a(ADC_SAR_Seq_2.o)
 .debug_abbrev  0x00001633       0x42 .\ARM_GCC_493\Debug\VTM16 Current Sensors.a(ADC_SAR_Seq_2_INT.o)
 .debug_abbrev  0x00001675      0x180 .\ARM_GCC_493\Debug\VTM16 Current Sensors.a(ADC_SAR_Seq_2_SAR.o)
 .debug_abbrev  0x000017f5       0x8b .\ARM_GCC_493\Debug\VTM16 Current Sensors.a(ADC_SAR_Seq_2_TempBuf_dma.o)
 .debug_abbrev  0x00001880       0x8b .\ARM_GCC_493\Debug\VTM16 Current Sensors.a(ADC_SAR_Seq_2_FinalBuf_dma.o)
 .debug_abbrev  0x0000190b      0x17f .\ARM_GCC_493\Debug\VTM16 Current Sensors.a(ADC_SAR_Seq_2_IRQ.o)
 .debug_abbrev  0x00001a8a      0x12d .\ARM_GCC_493\Debug\VTM16 Current Sensors.a(CyFlash.o)
 .debug_abbrev  0x00001bb7      0x179 .\ARM_GCC_493\Debug\VTM16 Current Sensors.a(CySpc.o)

.debug_line     0x00000000     0x2efa
 *(.debug_line)
 .debug_line    0x00000000      0x1fc .\ARM_GCC_493\Debug\main.o
 .debug_line    0x000001fc       0x53 .\ARM_GCC_493\Debug\cymetadata.o
 .debug_line    0x0000024f      0x1d5 .\ARM_GCC_493\Debug\Cm3Start.o
 .debug_line    0x00000424      0x234 .\ARM_GCC_493\Debug\VTM16 Current Sensors.a(cyfitter_cfg.o)
 .debug_line    0x00000658      0x2e6 .\ARM_GCC_493\Debug\VTM16 Current Sensors.a(UART_1.o)
 .debug_line    0x0000093e      0x1c3 .\ARM_GCC_493\Debug\VTM16 Current Sensors.a(UART_1_IntClock.o)
 .debug_line    0x00000b01       0x68 .\ARM_GCC_493\Debug\VTM16 Current Sensors.a(CyBootAsmGnu.o)
 .debug_line    0x00000b69      0x2b7 .\ARM_GCC_493\Debug\VTM16 Current Sensors.a(CyDmac.o)
 .debug_line    0x00000e20      0x872 .\ARM_GCC_493\Debug\VTM16 Current Sensors.a(CyLib.o)
 .debug_line    0x00001692      0x381 .\ARM_GCC_493\Debug\VTM16 Current Sensors.a(cyPm.o)
 .debug_line    0x00001a13      0x1d5 .\ARM_GCC_493\Debug\VTM16 Current Sensors.a(ADC_SAR_Seq_1.o)
 .debug_line    0x00001be8       0x5f .\ARM_GCC_493\Debug\VTM16 Current Sensors.a(ADC_SAR_Seq_1_INT.o)
 .debug_line    0x00001c47      0x213 .\ARM_GCC_493\Debug\VTM16 Current Sensors.a(ADC_SAR_Seq_1_SAR.o)
 .debug_line    0x00001e5a       0xa1 .\ARM_GCC_493\Debug\VTM16 Current Sensors.a(ADC_SAR_Seq_1_TempBuf_dma.o)
 .debug_line    0x00001efb       0xa2 .\ARM_GCC_493\Debug\VTM16 Current Sensors.a(ADC_SAR_Seq_1_FinalBuf_dma.o)
 .debug_line    0x00001f9d      0x165 .\ARM_GCC_493\Debug\VTM16 Current Sensors.a(ADC_SAR_Seq_1_IRQ.o)
 .debug_line    0x00002102      0x130 .\ARM_GCC_493\Debug\VTM16 Current Sensors.a(EZI2C_1.o)
 .debug_line    0x00002232       0xd2 .\ARM_GCC_493\Debug\VTM16 Current Sensors.a(EZI2C_1_PM.o)
 .debug_line    0x00002304       0xd9 .\ARM_GCC_493\Debug\VTM16 Current Sensors.a(EZI2C_1_INT.o)
 .debug_line    0x000023dd      0x1d5 .\ARM_GCC_493\Debug\VTM16 Current Sensors.a(ADC_SAR_Seq_2.o)
 .debug_line    0x000025b2       0x5f .\ARM_GCC_493\Debug\VTM16 Current Sensors.a(ADC_SAR_Seq_2_INT.o)
 .debug_line    0x00002611      0x213 .\ARM_GCC_493\Debug\VTM16 Current Sensors.a(ADC_SAR_Seq_2_SAR.o)
 .debug_line    0x00002824       0xa1 .\ARM_GCC_493\Debug\VTM16 Current Sensors.a(ADC_SAR_Seq_2_TempBuf_dma.o)
 .debug_line    0x000028c5       0xa2 .\ARM_GCC_493\Debug\VTM16 Current Sensors.a(ADC_SAR_Seq_2_FinalBuf_dma.o)
 .debug_line    0x00002967      0x175 .\ARM_GCC_493\Debug\VTM16 Current Sensors.a(ADC_SAR_Seq_2_IRQ.o)
 .debug_line    0x00002adc      0x207 .\ARM_GCC_493\Debug\VTM16 Current Sensors.a(CyFlash.o)
 .debug_line    0x00002ce3      0x217 .\ARM_GCC_493\Debug\VTM16 Current Sensors.a(CySpc.o)

.debug_frame    0x00000000     0x31ec
 *(.debug_frame)
 .debug_frame   0x00000000       0x30 .\ARM_GCC_493\Debug\main.o
 .debug_frame   0x00000030       0xd8 .\ARM_GCC_493\Debug\Cm3Start.o
 .debug_frame   0x00000108      0x16c .\ARM_GCC_493\Debug\VTM16 Current Sensors.a(cyfitter_cfg.o)
 .debug_frame   0x00000274      0x42c .\ARM_GCC_493\Debug\VTM16 Current Sensors.a(UART_1.o)
 .debug_frame   0x000006a0      0x1b4 .\ARM_GCC_493\Debug\VTM16 Current Sensors.a(UART_1_IntClock.o)
 .debug_frame   0x00000854      0x3d0 .\ARM_GCC_493\Debug\VTM16 Current Sensors.a(CyDmac.o)
 .debug_frame   0x00000c24      0xbe8 .\ARM_GCC_493\Debug\VTM16 Current Sensors.a(CyLib.o)
 .debug_frame   0x0000180c      0x234 .\ARM_GCC_493\Debug\VTM16 Current Sensors.a(cyPm.o)
 .debug_frame   0x00001a40      0x264 .\ARM_GCC_493\Debug\VTM16 Current Sensors.a(ADC_SAR_Seq_1.o)
 .debug_frame   0x00001ca4       0x34 .\ARM_GCC_493\Debug\VTM16 Current Sensors.a(ADC_SAR_Seq_1_INT.o)
 .debug_frame   0x00001cd8      0x2c0 .\ARM_GCC_493\Debug\VTM16 Current Sensors.a(ADC_SAR_Seq_1_SAR.o)
 .debug_frame   0x00001f98       0x58 .\ARM_GCC_493\Debug\VTM16 Current Sensors.a(ADC_SAR_Seq_1_TempBuf_dma.o)
 .debug_frame   0x00001ff0       0x58 .\ARM_GCC_493\Debug\VTM16 Current Sensors.a(ADC_SAR_Seq_1_FinalBuf_dma.o)
 .debug_frame   0x00002048      0x1e8 .\ARM_GCC_493\Debug\VTM16 Current Sensors.a(ADC_SAR_Seq_1_IRQ.o)
 .debug_frame   0x00002230      0x134 .\ARM_GCC_493\Debug\VTM16 Current Sensors.a(EZI2C_1.o)
 .debug_frame   0x00002364       0x98 .\ARM_GCC_493\Debug\VTM16 Current Sensors.a(EZI2C_1_PM.o)
 .debug_frame   0x000023fc       0x58 .\ARM_GCC_493\Debug\VTM16 Current Sensors.a(EZI2C_1_INT.o)
 .debug_frame   0x00002454      0x264 .\ARM_GCC_493\Debug\VTM16 Current Sensors.a(ADC_SAR_Seq_2.o)
 .debug_frame   0x000026b8       0x34 .\ARM_GCC_493\Debug\VTM16 Current Sensors.a(ADC_SAR_Seq_2_INT.o)
 .debug_frame   0x000026ec      0x2c0 .\ARM_GCC_493\Debug\VTM16 Current Sensors.a(ADC_SAR_Seq_2_SAR.o)
 .debug_frame   0x000029ac       0x58 .\ARM_GCC_493\Debug\VTM16 Current Sensors.a(ADC_SAR_Seq_2_TempBuf_dma.o)
 .debug_frame   0x00002a04       0x58 .\ARM_GCC_493\Debug\VTM16 Current Sensors.a(ADC_SAR_Seq_2_FinalBuf_dma.o)
 .debug_frame   0x00002a5c      0x1e8 .\ARM_GCC_493\Debug\VTM16 Current Sensors.a(ADC_SAR_Seq_2_IRQ.o)
 .debug_frame   0x00002c44      0x210 .\ARM_GCC_493\Debug\VTM16 Current Sensors.a(CyFlash.o)
 .debug_frame   0x00002e54      0x1f8 .\ARM_GCC_493\Debug\VTM16 Current Sensors.a(CySpc.o)
 .debug_frame   0x0000304c       0x28 c:/program files (x86)/cypress/psoc creator/3.3/psoc creator/import/gnu/arm/4.9.3/bin/../lib/gcc/arm-none-eabi/4.9.3/armv7-m\libgcc.a(_aeabi_ldivmod.o)
 .debug_frame   0x00003074       0x54 c:/program files (x86)/cypress/psoc creator/3.3/psoc creator/import/gnu/arm/4.9.3/bin/../lib/gcc/arm-none-eabi/4.9.3/armv7-m\libgcc.a(bpabi.o)
 .debug_frame   0x000030c8       0x34 c:/program files (x86)/cypress/psoc creator/3.3/psoc creator/import/gnu/arm/4.9.3/bin/../lib/gcc/arm-none-eabi/4.9.3/armv7-m\libgcc.a(_divdi3.o)
 .debug_frame   0x000030fc       0x34 c:/program files (x86)/cypress/psoc creator/3.3/psoc creator/import/gnu/arm/4.9.3/bin/../lib/gcc/arm-none-eabi/4.9.3/armv7-m\libgcc.a(_udivdi3.o)
 .debug_frame   0x00003130       0x20 c:/program files (x86)/cypress/psoc creator/3.3/psoc creator/import/gnu/arm/4.9.3/bin/../lib/gcc/arm-none-eabi/4.9.3/../../../../arm-none-eabi/lib/armv7-m\libg_nano.a(lib_a-errno.o)
 .debug_frame   0x00003150       0x28 c:/program files (x86)/cypress/psoc creator/3.3/psoc creator/import/gnu/arm/4.9.3/bin/../lib/gcc/arm-none-eabi/4.9.3/../../../../arm-none-eabi/lib/armv7-m\libg_nano.a(lib_a-exit.o)
 .debug_frame   0x00003178       0x2c c:/program files (x86)/cypress/psoc creator/3.3/psoc creator/import/gnu/arm/4.9.3/bin/../lib/gcc/arm-none-eabi/4.9.3/../../../../arm-none-eabi/lib/armv7-m\libg_nano.a(lib_a-init.o)
 .debug_frame   0x000031a4       0x28 c:/program files (x86)/cypress/psoc creator/3.3/psoc creator/import/gnu/arm/4.9.3/bin/../lib/gcc/arm-none-eabi/4.9.3/../../../../arm-none-eabi/lib/armv7-m\libg_nano.a(lib_a-memcpy.o)
 .debug_frame   0x000031cc       0x20 c:/program files (x86)/cypress/psoc creator/3.3/psoc creator/import/gnu/arm/4.9.3/bin/../lib/gcc/arm-none-eabi/4.9.3/../../../../arm-none-eabi/lib/armv7-m\libg_nano.a(lib_a-memset.o)

.debug_str      0x00000000     0x2e42
 *(.debug_str)
 .debug_str     0x00000000      0x1fb .\ARM_GCC_493\Debug\main.o
                                0x25a (size before relaxing)
 .debug_str     0x000001fb       0x77 .\ARM_GCC_493\Debug\cymetadata.o
                                0x220 (size before relaxing)
 .debug_str     0x00000272      0x13e .\ARM_GCC_493\Debug\Cm3Start.o
                                0x301 (size before relaxing)
 .debug_str     0x000003b0      0x18c .\ARM_GCC_493\Debug\VTM16 Current Sensors.a(cyfitter_cfg.o)
                                0x362 (size before relaxing)
 .debug_str     0x0000053c      0x2bc .\ARM_GCC_493\Debug\VTM16 Current Sensors.a(UART_1.o)
                                0x485 (size before relaxing)
 .debug_str     0x000007f8      0x1ca .\ARM_GCC_493\Debug\VTM16 Current Sensors.a(UART_1_IntClock.o)
                                0x384 (size before relaxing)
 .debug_str     0x000009c2      0x371 .\ARM_GCC_493\Debug\VTM16 Current Sensors.a(CyDmac.o)
                                0x547 (size before relaxing)
 .debug_str     0x00000d33      0x7c8 .\ARM_GCC_493\Debug\VTM16 Current Sensors.a(CyLib.o)
                                0x9fc (size before relaxing)
 .debug_str     0x000014fb      0x35a .\ARM_GCC_493\Debug\VTM16 Current Sensors.a(cyPm.o)
                                0x561 (size before relaxing)
 .debug_str     0x00001855      0x2b8 .\ARM_GCC_493\Debug\VTM16 Current Sensors.a(ADC_SAR_Seq_1.o)
                                0x4ad (size before relaxing)
 .debug_str     0x00001b0d       0x3f .\ARM_GCC_493\Debug\VTM16 Current Sensors.a(ADC_SAR_Seq_1_INT.o)
                                0x1e2 (size before relaxing)
 .debug_str     0x00001b4c      0x2cc .\ARM_GCC_493\Debug\VTM16 Current Sensors.a(ADC_SAR_Seq_1_SAR.o)
                                0x51a (size before relaxing)
 .debug_str     0x00001e18       0xd5 .\ARM_GCC_493\Debug\VTM16 Current Sensors.a(ADC_SAR_Seq_1_TempBuf_dma.o)
                                0x285 (size before relaxing)
 .debug_str     0x00001eed       0x9e .\ARM_GCC_493\Debug\VTM16 Current Sensors.a(ADC_SAR_Seq_1_FinalBuf_dma.o)
                                0x289 (size before relaxing)
 .debug_str     0x00001f8b      0x190 .\ARM_GCC_493\Debug\VTM16 Current Sensors.a(ADC_SAR_Seq_1_IRQ.o)
                                0x378 (size before relaxing)
 .debug_str     0x0000211b      0x1ab .\ARM_GCC_493\Debug\VTM16 Current Sensors.a(EZI2C_1.o)
                                0x388 (size before relaxing)
 .debug_str     0x000022c6       0x81 .\ARM_GCC_493\Debug\VTM16 Current Sensors.a(EZI2C_1_PM.o)
                                0x2a1 (size before relaxing)
 .debug_str     0x00002347       0x52 .\ARM_GCC_493\Debug\VTM16 Current Sensors.a(EZI2C_1_INT.o)
                                0x29c (size before relaxing)
 .debug_str     0x00002399      0x28e .\ARM_GCC_493\Debug\VTM16 Current Sensors.a(ADC_SAR_Seq_2.o)
                                0x4ad (size before relaxing)
 .debug_str     0x00002627       0x3f .\ARM_GCC_493\Debug\VTM16 Current Sensors.a(ADC_SAR_Seq_2_INT.o)
                                0x1e2 (size before relaxing)
 .debug_str     0x00002666      0x2ac .\ARM_GCC_493\Debug\VTM16 Current Sensors.a(ADC_SAR_Seq_2_SAR.o)
                                0x51a (size before relaxing)
 .debug_str     0x00002912       0x9a .\ARM_GCC_493\Debug\VTM16 Current Sensors.a(ADC_SAR_Seq_2_TempBuf_dma.o)
                                0x285 (size before relaxing)
 .debug_str     0x000029ac       0x9e .\ARM_GCC_493\Debug\VTM16 Current Sensors.a(ADC_SAR_Seq_2_FinalBuf_dma.o)
                                0x289 (size before relaxing)
 .debug_str     0x00002a4a      0x190 .\ARM_GCC_493\Debug\VTM16 Current Sensors.a(ADC_SAR_Seq_2_IRQ.o)
                                0x378 (size before relaxing)
 .debug_str     0x00002bda      0x147 .\ARM_GCC_493\Debug\VTM16 Current Sensors.a(CyFlash.o)
                                0x320 (size before relaxing)
 .debug_str     0x00002d21      0x121 .\ARM_GCC_493\Debug\VTM16 Current Sensors.a(CySpc.o)
                                0x31d (size before relaxing)

.debug_loc
 *(.debug_loc)

.debug_macinfo
 *(.debug_macinfo)

.debug_ranges   0x00000000      0xac0
 *(.debug_ranges)
 .debug_ranges  0x00000000       0x10 .\ARM_GCC_493\Debug\main.o
 .debug_ranges  0x00000010       0x38 .\ARM_GCC_493\Debug\Cm3Start.o
 .debug_ranges  0x00000048       0x50 .\ARM_GCC_493\Debug\VTM16 Current Sensors.a(cyfitter_cfg.o)
 .debug_ranges  0x00000098       0xe0 .\ARM_GCC_493\Debug\VTM16 Current Sensors.a(UART_1.o)
 .debug_ranges  0x00000178       0x60 .\ARM_GCC_493\Debug\VTM16 Current Sensors.a(UART_1_IntClock.o)
 .debug_ranges  0x000001d8       0xc8 .\ARM_GCC_493\Debug\VTM16 Current Sensors.a(CyDmac.o)
 .debug_ranges  0x000002a0      0x288 .\ARM_GCC_493\Debug\VTM16 Current Sensors.a(CyLib.o)
 .debug_ranges  0x00000528       0x88 .\ARM_GCC_493\Debug\VTM16 Current Sensors.a(cyPm.o)
 .debug_ranges  0x000005b0       0x90 .\ARM_GCC_493\Debug\VTM16 Current Sensors.a(ADC_SAR_Seq_1.o)
 .debug_ranges  0x00000640       0x10 .\ARM_GCC_493\Debug\VTM16 Current Sensors.a(ADC_SAR_Seq_1_INT.o)
 .debug_ranges  0x00000650       0x98 .\ARM_GCC_493\Debug\VTM16 Current Sensors.a(ADC_SAR_Seq_1_SAR.o)
 .debug_ranges  0x000006e8       0x18 .\ARM_GCC_493\Debug\VTM16 Current Sensors.a(ADC_SAR_Seq_1_TempBuf_dma.o)
 .debug_ranges  0x00000700       0x18 .\ARM_GCC_493\Debug\VTM16 Current Sensors.a(ADC_SAR_Seq_1_FinalBuf_dma.o)
 .debug_ranges  0x00000718       0x70 .\ARM_GCC_493\Debug\VTM16 Current Sensors.a(ADC_SAR_Seq_1_IRQ.o)
 .debug_ranges  0x00000788       0x48 .\ARM_GCC_493\Debug\VTM16 Current Sensors.a(EZI2C_1.o)
 .debug_ranges  0x000007d0       0x28 .\ARM_GCC_493\Debug\VTM16 Current Sensors.a(EZI2C_1_PM.o)
 .debug_ranges  0x000007f8       0x18 .\ARM_GCC_493\Debug\VTM16 Current Sensors.a(EZI2C_1_INT.o)
 .debug_ranges  0x00000810       0x90 .\ARM_GCC_493\Debug\VTM16 Current Sensors.a(ADC_SAR_Seq_2.o)
 .debug_ranges  0x000008a0       0x10 .\ARM_GCC_493\Debug\VTM16 Current Sensors.a(ADC_SAR_Seq_2_INT.o)
 .debug_ranges  0x000008b0       0x98 .\ARM_GCC_493\Debug\VTM16 Current Sensors.a(ADC_SAR_Seq_2_SAR.o)
 .debug_ranges  0x00000948       0x18 .\ARM_GCC_493\Debug\VTM16 Current Sensors.a(ADC_SAR_Seq_2_TempBuf_dma.o)
 .debug_ranges  0x00000960       0x18 .\ARM_GCC_493\Debug\VTM16 Current Sensors.a(ADC_SAR_Seq_2_FinalBuf_dma.o)
 .debug_ranges  0x00000978       0x70 .\ARM_GCC_493\Debug\VTM16 Current Sensors.a(ADC_SAR_Seq_2_IRQ.o)
 .debug_ranges  0x000009e8       0x70 .\ARM_GCC_493\Debug\VTM16 Current Sensors.a(CyFlash.o)
 .debug_ranges  0x00000a58       0x68 .\ARM_GCC_493\Debug\VTM16 Current Sensors.a(CySpc.o)

.comment        0x00000000       0x70
 .comment       0x00000000       0x70 .\ARM_GCC_493\Debug\main.o
                                 0x71 (size before relaxing)
 .comment       0x00000000       0x71 .\ARM_GCC_493\Debug\cymetadata.o
 .comment       0x00000000       0x71 .\ARM_GCC_493\Debug\Cm3Start.o
 .comment       0x00000000       0x71 .\ARM_GCC_493\Debug\VTM16 Current Sensors.a(cyfitter_cfg.o)
 .comment       0x00000000       0x71 .\ARM_GCC_493\Debug\VTM16 Current Sensors.a(UART_1.o)
 .comment       0x00000000       0x71 .\ARM_GCC_493\Debug\VTM16 Current Sensors.a(UART_1_IntClock.o)
 .comment       0x00000000       0x71 .\ARM_GCC_493\Debug\VTM16 Current Sensors.a(CyDmac.o)
 .comment       0x00000000       0x71 .\ARM_GCC_493\Debug\VTM16 Current Sensors.a(CyLib.o)
 .comment       0x00000000       0x71 .\ARM_GCC_493\Debug\VTM16 Current Sensors.a(cyPm.o)
 .comment       0x00000000       0x71 .\ARM_GCC_493\Debug\VTM16 Current Sensors.a(ADC_SAR_Seq_1.o)
 .comment       0x00000000       0x71 .\ARM_GCC_493\Debug\VTM16 Current Sensors.a(ADC_SAR_Seq_1_INT.o)
 .comment       0x00000000       0x71 .\ARM_GCC_493\Debug\VTM16 Current Sensors.a(ADC_SAR_Seq_1_SAR.o)
 .comment       0x00000000       0x71 .\ARM_GCC_493\Debug\VTM16 Current Sensors.a(ADC_SAR_Seq_1_TempBuf_dma.o)
 .comment       0x00000000       0x71 .\ARM_GCC_493\Debug\VTM16 Current Sensors.a(ADC_SAR_Seq_1_FinalBuf_dma.o)
 .comment       0x00000000       0x71 .\ARM_GCC_493\Debug\VTM16 Current Sensors.a(ADC_SAR_Seq_1_IRQ.o)
 .comment       0x00000000       0x71 .\ARM_GCC_493\Debug\VTM16 Current Sensors.a(EZI2C_1.o)
 .comment       0x00000000       0x71 .\ARM_GCC_493\Debug\VTM16 Current Sensors.a(EZI2C_1_PM.o)
 .comment       0x00000000       0x71 .\ARM_GCC_493\Debug\VTM16 Current Sensors.a(EZI2C_1_INT.o)
 .comment       0x00000000       0x71 .\ARM_GCC_493\Debug\VTM16 Current Sensors.a(ADC_SAR_Seq_2.o)
 .comment       0x00000000       0x71 .\ARM_GCC_493\Debug\VTM16 Current Sensors.a(ADC_SAR_Seq_2_INT.o)
 .comment       0x00000000       0x71 .\ARM_GCC_493\Debug\VTM16 Current Sensors.a(ADC_SAR_Seq_2_SAR.o)
 .comment       0x00000000       0x71 .\ARM_GCC_493\Debug\VTM16 Current Sensors.a(ADC_SAR_Seq_2_TempBuf_dma.o)
 .comment       0x00000000       0x71 .\ARM_GCC_493\Debug\VTM16 Current Sensors.a(ADC_SAR_Seq_2_FinalBuf_dma.o)
 .comment       0x00000000       0x71 .\ARM_GCC_493\Debug\VTM16 Current Sensors.a(ADC_SAR_Seq_2_IRQ.o)
 .comment       0x00000000       0x71 .\ARM_GCC_493\Debug\VTM16 Current Sensors.a(CyFlash.o)
 .comment       0x00000000       0x71 .\ARM_GCC_493\Debug\VTM16 Current Sensors.a(CySpc.o)

.debug_weaknames
 *(.debug_weaknames)

.debug_funcnames
 *(.debug_funcnames)

.debug_typenames
 *(.debug_typenames)

.debug_varnames
 *(.debug_varnames)

.note.gnu.arm.ident
 *(.note.gnu.arm.ident)

.ARM.attributes
                0x00000000       0x29
 *(.ARM.attributes)
 .ARM.attributes
                0x00000000       0x1d c:/program files (x86)/cypress/psoc creator/3.3/psoc creator/import/gnu/arm/4.9.3/bin/../lib/gcc/arm-none-eabi/4.9.3/armv7-m/crti.o
 .ARM.attributes
                0x0000001d       0x2d c:/program files (x86)/cypress/psoc creator/3.3/psoc creator/import/gnu/arm/4.9.3/bin/../lib/gcc/arm-none-eabi/4.9.3/armv7-m/crtbegin.o
 .ARM.attributes
                0x0000004a       0x1b c:/program files (x86)/cypress/psoc creator/3.3/psoc creator/import/gnu/arm/4.9.3/bin/../lib/gcc/arm-none-eabi/4.9.3/../../../../arm-none-eabi/lib/armv7-m/crt0.o
 .ARM.attributes
                0x00000065       0x33 .\ARM_GCC_493\Debug\main.o
 .ARM.attributes
                0x00000098       0x33 .\ARM_GCC_493\Debug\cymetadata.o
 .ARM.attributes
                0x000000cb       0x33 .\ARM_GCC_493\Debug\Cm3Start.o
 .ARM.attributes
                0x000000fe       0x33 .\ARM_GCC_493\Debug\VTM16 Current Sensors.a(cyfitter_cfg.o)
 .ARM.attributes
                0x00000131       0x33 .\ARM_GCC_493\Debug\VTM16 Current Sensors.a(UART_1.o)
 .ARM.attributes
                0x00000164       0x33 .\ARM_GCC_493\Debug\VTM16 Current Sensors.a(UART_1_IntClock.o)
 .ARM.attributes
                0x00000197       0x21 .\ARM_GCC_493\Debug\VTM16 Current Sensors.a(CyBootAsmGnu.o)
 .ARM.attributes
                0x000001b8       0x33 .\ARM_GCC_493\Debug\VTM16 Current Sensors.a(CyDmac.o)
 .ARM.attributes
                0x000001eb       0x33 .\ARM_GCC_493\Debug\VTM16 Current Sensors.a(CyLib.o)
 .ARM.attributes
                0x0000021e       0x33 .\ARM_GCC_493\Debug\VTM16 Current Sensors.a(cyPm.o)
 .ARM.attributes
                0x00000251       0x33 .\ARM_GCC_493\Debug\VTM16 Current Sensors.a(ADC_SAR_Seq_1.o)
 .ARM.attributes
                0x00000284       0x33 .\ARM_GCC_493\Debug\VTM16 Current Sensors.a(ADC_SAR_Seq_1_INT.o)
 .ARM.attributes
                0x000002b7       0x33 .\ARM_GCC_493\Debug\VTM16 Current Sensors.a(ADC_SAR_Seq_1_SAR.o)
 .ARM.attributes
                0x000002ea       0x33 .\ARM_GCC_493\Debug\VTM16 Current Sensors.a(ADC_SAR_Seq_1_TempBuf_dma.o)
 .ARM.attributes
                0x0000031d       0x33 .\ARM_GCC_493\Debug\VTM16 Current Sensors.a(ADC_SAR_Seq_1_FinalBuf_dma.o)
 .ARM.attributes
                0x00000350       0x33 .\ARM_GCC_493\Debug\VTM16 Current Sensors.a(ADC_SAR_Seq_1_IRQ.o)
 .ARM.attributes
                0x00000383       0x33 .\ARM_GCC_493\Debug\VTM16 Current Sensors.a(EZI2C_1.o)
 .ARM.attributes
                0x000003b6       0x33 .\ARM_GCC_493\Debug\VTM16 Current Sensors.a(EZI2C_1_PM.o)
 .ARM.attributes
                0x000003e9       0x33 .\ARM_GCC_493\Debug\VTM16 Current Sensors.a(EZI2C_1_INT.o)
 .ARM.attributes
                0x0000041c       0x33 .\ARM_GCC_493\Debug\VTM16 Current Sensors.a(ADC_SAR_Seq_2.o)
 .ARM.attributes
                0x0000044f       0x33 .\ARM_GCC_493\Debug\VTM16 Current Sensors.a(ADC_SAR_Seq_2_INT.o)
 .ARM.attributes
                0x00000482       0x33 .\ARM_GCC_493\Debug\VTM16 Current Sensors.a(ADC_SAR_Seq_2_SAR.o)
 .ARM.attributes
                0x000004b5       0x33 .\ARM_GCC_493\Debug\VTM16 Current Sensors.a(ADC_SAR_Seq_2_TempBuf_dma.o)
 .ARM.attributes
                0x000004e8       0x33 .\ARM_GCC_493\Debug\VTM16 Current Sensors.a(ADC_SAR_Seq_2_FinalBuf_dma.o)
 .ARM.attributes
                0x0000051b       0x33 .\ARM_GCC_493\Debug\VTM16 Current Sensors.a(ADC_SAR_Seq_2_IRQ.o)
 .ARM.attributes
                0x0000054e       0x33 .\ARM_GCC_493\Debug\VTM16 Current Sensors.a(CyFlash.o)
 .ARM.attributes
                0x00000581       0x33 .\ARM_GCC_493\Debug\VTM16 Current Sensors.a(CySpc.o)
 .ARM.attributes
                0x000005b4       0x1d c:/program files (x86)/cypress/psoc creator/3.3/psoc creator/import/gnu/arm/4.9.3/bin/../lib/gcc/arm-none-eabi/4.9.3/armv7-m\libgcc.a(_arm_addsubsf3.o)
 .ARM.attributes
                0x000005d1       0x1d c:/program files (x86)/cypress/psoc creator/3.3/psoc creator/import/gnu/arm/4.9.3/bin/../lib/gcc/arm-none-eabi/4.9.3/armv7-m\libgcc.a(_arm_muldivsf3.o)
 .ARM.attributes
                0x000005ee       0x1d c:/program files (x86)/cypress/psoc creator/3.3/psoc creator/import/gnu/arm/4.9.3/bin/../lib/gcc/arm-none-eabi/4.9.3/armv7-m\libgcc.a(_aeabi_ldivmod.o)
 .ARM.attributes
                0x0000060b       0x2d c:/program files (x86)/cypress/psoc creator/3.3/psoc creator/import/gnu/arm/4.9.3/bin/../lib/gcc/arm-none-eabi/4.9.3/armv7-m\libgcc.a(bpabi.o)
 .ARM.attributes
                0x00000638       0x1d c:/program files (x86)/cypress/psoc creator/3.3/psoc creator/import/gnu/arm/4.9.3/bin/../lib/gcc/arm-none-eabi/4.9.3/armv7-m\libgcc.a(_dvmd_tls.o)
 .ARM.attributes
                0x00000655       0x2d c:/program files (x86)/cypress/psoc creator/3.3/psoc creator/import/gnu/arm/4.9.3/bin/../lib/gcc/arm-none-eabi/4.9.3/armv7-m\libgcc.a(_divdi3.o)
 .ARM.attributes
                0x00000682       0x2d c:/program files (x86)/cypress/psoc creator/3.3/psoc creator/import/gnu/arm/4.9.3/bin/../lib/gcc/arm-none-eabi/4.9.3/armv7-m\libgcc.a(_udivdi3.o)
 .ARM.attributes
                0x000006af       0x2d c:/program files (x86)/cypress/psoc creator/3.3/psoc creator/import/gnu/arm/4.9.3/bin/../lib/gcc/arm-none-eabi/4.9.3/../../../../arm-none-eabi/lib/armv7-m\libg_nano.a(lib_a-errno.o)
 .ARM.attributes
                0x000006dc       0x2d c:/program files (x86)/cypress/psoc creator/3.3/psoc creator/import/gnu/arm/4.9.3/bin/../lib/gcc/arm-none-eabi/4.9.3/../../../../arm-none-eabi/lib/armv7-m\libg_nano.a(lib_a-exit.o)
 .ARM.attributes
                0x00000709       0x2d c:/program files (x86)/cypress/psoc creator/3.3/psoc creator/import/gnu/arm/4.9.3/bin/../lib/gcc/arm-none-eabi/4.9.3/../../../../arm-none-eabi/lib/armv7-m\libg_nano.a(lib_a-impure.o)
 .ARM.attributes
                0x00000736       0x2d c:/program files (x86)/cypress/psoc creator/3.3/psoc creator/import/gnu/arm/4.9.3/bin/../lib/gcc/arm-none-eabi/4.9.3/../../../../arm-none-eabi/lib/armv7-m\libg_nano.a(lib_a-init.o)
 .ARM.attributes
                0x00000763       0x2d c:/program files (x86)/cypress/psoc creator/3.3/psoc creator/import/gnu/arm/4.9.3/bin/../lib/gcc/arm-none-eabi/4.9.3/../../../../arm-none-eabi/lib/armv7-m\libg_nano.a(lib_a-memcpy.o)
 .ARM.attributes
                0x00000790       0x2d c:/program files (x86)/cypress/psoc creator/3.3/psoc creator/import/gnu/arm/4.9.3/bin/../lib/gcc/arm-none-eabi/4.9.3/../../../../arm-none-eabi/lib/armv7-m\libg_nano.a(lib_a-memset.o)
 .ARM.attributes
                0x000007bd       0x2d c:/program files (x86)/cypress/psoc creator/3.3/psoc creator/import/gnu/arm/4.9.3/bin/../lib/gcc/arm-none-eabi/4.9.3/armv7-m/crtend.o
 .ARM.attributes
                0x000007ea       0x1d c:/program files (x86)/cypress/psoc creator/3.3/psoc creator/import/gnu/arm/4.9.3/bin/../lib/gcc/arm-none-eabi/4.9.3/armv7-m/crtn.o

/DISCARD/
 *(.note.GNU-stack)
OUTPUT(.\ARM_GCC_493\Debug\VTM16 Current Sensors.elf elf32-littlearm)
